2026-08-11T20:52:16.618337Z  INFO tailwindcss_oxide::scanner: Provided sources:
2026-08-11T20:52:16.621121Z  INFO tailwindcss_oxide::scanner: Source: PublicSourceEntry { base: "C:\\Users\\Emmanuela\\Desktop\\Attachment\\flocafe\\FloCafe\\frontend", pattern: "**/*", negated: false }
2026-08-11T20:52:16.687807Z  INFO tailwindcss_oxide::scanner: Optimized sources:
2026-08-11T20:52:16.687913Z  INFO tailwindcss_oxide::scanner: Source: Auto { base: "C:\\Users\\Emmanuela\\Desktop\\Attachment\\flocafe\\FloCafe\\frontend" }
2026-08-11T20:52:16.703018Z  INFO discover_sources: tailwindcss_oxide::scanner: enter
2026-08-11T20:52:16.705318Z  INFO discover_sources:walk_synchronous: tailwindcss_oxide::scanner: enter
2026-08-11T20:52:16.848394Z  INFO discover_sources:walk_synchronous: tailwindcss_oxide::scanner: exit
2026-08-11T20:52:16.856965Z  INFO tailwindcss_oxide::scanner: Reading "C:\\Users\\Emmanuela\\Desktop\\Attachment\\flocafe\\FloCafe\\frontend\\components.json"
2026-08-11T20:52:16.859030Z  INFO tailwindcss_oxide::scanner: Reading "C:\\Users\\Emmanuela\\Desktop\\Attachment\\flocafe\\FloCafe\\frontend\\e2e\\kds-login.spec.ts"
2026-08-11T20:52:16.883241Z  INFO tailwindcss_oxide::scanner: Reading "C:\\Users\\Emmanuela\\Desktop\\Attachment\\flocafe\\FloCafe\\frontend\\src\\components\\products\\ImageUploader.tsx"
2026-08-11T20:52:16.883362Z  INFO tailwindcss_oxide::scanner: Reading "C:\\Users\\Emmanuela\\Desktop\\Attachment\\flocafe\\FloCafe\\frontend\\src\\app\\auth\\register\\page.tsx"
2026-08-11T20:52:16.885290Z  INFO tailwindcss_oxide::scanner: Reading "C:\\Users\\Emmanuela\\Desktop\\Attachment\\flocafe\\FloCafe\\frontend\\src\\app\\kds-standalone\\layout.tsx"
2026-08-11T20:52:16.885756Z  INFO tailwindcss_oxide::scanner: Reading "C:\\Users\\Emmanuela\\Desktop\\Attachment\\flocafe\\FloCafe\\frontend\\src\\components\\settings\\HealthCheckDialog.tsx"
2026-08-11T20:52:16.886215Z  INFO tailwindcss_oxide::scanner: Reading "C:\\Users\\Emmanuela\\Desktop\\Attachment\\flocafe\\FloCafe\\frontend\\src\\components\\layout\\MenuActionHandler.tsx"
2026-08-11T20:52:16.887651Z  INFO tailwindcss_oxide::scanner: Reading "C:\\Users\\Emmanuela\\Desktop\\Attachment\\flocafe\\FloCafe\\frontend\\src\\app\\kds-standalone\\page.tsx"
2026-08-11T20:52:16.887709Z  INFO tailwindcss_oxide::scanner: Reading "C:\\Users\\Emmanuela\\Desktop\\Attachment\\flocafe\\FloCafe\\frontend\\src\\components\\settings\\InitializeDatabaseDialog.tsx"
2026-08-11T20:52:16.887726Z  INFO tailwindcss_oxide::scanner: Reading "C:\\Users\\Emmanuela\\Desktop\\Attachment\\flocafe\\FloCafe\\frontend\\src\\components\\layout\\Sidebar.tsx"
2026-08-11T20:52:16.889587Z  INFO tailwindcss_oxide::scanner: Reading "C:\\Users\\Emmanuela\\Desktop\\Attachment\\flocafe\\FloCafe\\frontend\\src\\components\\layout\\StatusBar.tsx"
2026-08-11T20:52:16.899380Z  INFO tailwindcss_oxide::scanner: Reading "C:\\Users\\Emmanuela\\Desktop\\Attachment\\flocafe\\FloCafe\\frontend\\src\\app\\layout.tsx"
2026-08-11T20:52:16.900130Z  INFO tailwindcss_oxide::scanner: Reading "C:\\Users\\Emmanuela\\Desktop\\Attachment\\flocafe\\FloCafe\\frontend\\src\\components\\settings\\MasterPinPrompt.tsx"
2026-08-11T20:52:16.902054Z  INFO tailwindcss_oxide::scanner: Reading "C:\\Users\\Emmanuela\\Desktop\\Attachment\\flocafe\\FloCafe\\frontend\\src\\components\\orders\\OrderHistoryGrid.tsx"
2026-08-11T20:52:16.902710Z  INFO tailwindcss_oxide::scanner: Reading "C:\\Users\\Emmanuela\\Desktop\\Attachment\\flocafe\\FloCafe\\frontend\\e2e\\layout-integrity.spec.ts"
2026-08-11T20:52:16.903867Z  INFO tailwindcss_oxide::scanner: Reading "C:\\Users\\Emmanuela\\Desktop\\Attachment\\flocafe\\FloCafe\\frontend\\src\\app\\page.tsx"
2026-08-11T20:52:16.905795Z  INFO tailwindcss_oxide::scanner: Reading "C:\\Users\\Emmanuela\\Desktop\\Attachment\\flocafe\\FloCafe\\frontend\\src\\components\\settings\\TaxConfigurationPanel.tsx"
2026-08-11T20:52:16.907556Z  INFO tailwindcss_oxide::scanner: Reading "C:\\Users\\Emmanuela\\Desktop\\Attachment\\flocafe\\FloCafe\\frontend\\eslint.config.mjs"
2026-08-11T20:52:16.913583Z  INFO tailwindcss_oxide::scanner: Reading "C:\\Users\\Emmanuela\\Desktop\\Attachment\\flocafe\\FloCafe\\frontend\\src\\components\\settings\\WhatsAppEnableCard.tsx"
2026-08-11T20:52:16.914430Z  INFO tailwindcss_oxide::scanner: Reading "C:\\Users\\Emmanuela\\Desktop\\Attachment\\flocafe\\FloCafe\\frontend\\src\\components\\pos\\AddonModal.tsx"
2026-08-11T20:52:16.914774Z  INFO tailwindcss_oxide::scanner: Reading "C:\\Users\\Emmanuela\\Desktop\\Attachment\\flocafe\\FloCafe\\frontend\\src\\app\\setup\\page.tsx"
2026-08-11T20:52:16.917005Z  INFO tailwindcss_oxide::scanner: Reading "C:\\Users\\Emmanuela\\Desktop\\Attachment\\flocafe\\FloCafe\\frontend\\next.config.ts"
2026-08-11T20:52:16.917635Z  INFO tailwindcss_oxide::scanner: Reading "C:\\Users\\Emmanuela\\Desktop\\Attachment\\flocafe\\FloCafe\\frontend\\package.json"
2026-08-11T20:52:16.920903Z  INFO tailwindcss_oxide::scanner: Reading "C:\\Users\\Emmanuela\\Desktop\\Attachment\\flocafe\\FloCafe\\frontend\\playwright.config.ts"
2026-08-11T20:52:16.930858Z  INFO tailwindcss_oxide::scanner: Reading "C:\\Users\\Emmanuela\\Desktop\\Attachment\\flocafe\\FloCafe\\frontend\\src\\components\\ui\\avatar.tsx"
2026-08-11T20:52:16.933453Z  INFO tailwindcss_oxide::scanner: Reading "C:\\Users\\Emmanuela\\Desktop\\Attachment\\flocafe\\FloCafe\\frontend\\src\\components\\kds\\KdsColumn.tsx"
2026-08-11T20:52:16.934486Z  INFO tailwindcss_oxide::scanner: Reading "C:\\Users\\Emmanuela\\Desktop\\Attachment\\flocafe\\FloCafe\\frontend\\postcss.config.mjs"
2026-08-11T20:52:16.936263Z  INFO tailwindcss_oxide::scanner: Reading "C:\\Users\\Emmanuela\\Desktop\\Attachment\\flocafe\\FloCafe\\frontend\\src\\components\\ui\\badge.tsx"
2026-08-11T20:52:16.945379Z  INFO tailwindcss_oxide::scanner: Reading "C:\\Users\\Emmanuela\\Desktop\\Attachment\\flocafe\\FloCafe\\frontend\\src\\components\\pos\\CartPanel.tsx"
2026-08-11T20:52:16.947678Z  INFO tailwindcss_oxide::scanner: Reading "C:\\Users\\Emmanuela\\Desktop\\Attachment\\flocafe\\FloCafe\\frontend\\src\\components\\pos\\CustomerSearch.tsx"
2026-08-11T20:52:16.950146Z  INFO tailwindcss_oxide::scanner: Reading "C:\\Users\\Emmanuela\\Desktop\\Attachment\\flocafe\\FloCafe\\frontend\\src\\components\\pos\\DietaryBadge.tsx"
2026-08-11T20:52:16.950776Z  INFO tailwindcss_oxide::scanner: Reading "C:\\Users\\Emmanuela\\Desktop\\Attachment\\flocafe\\FloCafe\\frontend\\public\\file.svg"
2026-08-11T20:52:16.952409Z  INFO tailwindcss_oxide::scanner: Reading "C:\\Users\\Emmanuela\\Desktop\\Attachment\\flocafe\\FloCafe\\frontend\\src\\components\\kds\\KdsHeader.tsx"
2026-08-11T20:52:16.955770Z  INFO tailwindcss_oxide::scanner: Reading "C:\\Users\\Emmanuela\\Desktop\\Attachment\\flocafe\\FloCafe\\frontend\\src\\components\\ui\\button.tsx"
2026-08-11T20:52:16.956901Z  INFO tailwindcss_oxide::scanner: Reading "C:\\Users\\Emmanuela\\Desktop\\Attachment\\flocafe\\FloCafe\\frontend\\src\\components\\pos\\EditCustomerModal.tsx"
2026-08-11T20:52:16.958107Z  INFO tailwindcss_oxide::scanner: Reading "C:\\Users\\Emmanuela\\Desktop\\Attachment\\flocafe\\FloCafe\\frontend\\src\\components\\kds\\KdsHtmlLang.tsx"
2026-08-11T20:52:16.960537Z  INFO tailwindcss_oxide::scanner: Reading "C:\\Users\\Emmanuela\\Desktop\\Attachment\\flocafe\\FloCafe\\frontend\\public\\globe.svg"
2026-08-11T20:52:16.967293Z  INFO tailwindcss_oxide::scanner: Reading "C:\\Users\\Emmanuela\\Desktop\\Attachment\\flocafe\\FloCafe\\frontend\\src\\components\\pos\\PaymentModal.tsx"
2026-08-11T20:52:16.968887Z  INFO tailwindcss_oxide::scanner: Reading "C:\\Users\\Emmanuela\\Desktop\\Attachment\\flocafe\\FloCafe\\frontend\\src\\components\\ui\\card.tsx"
2026-08-11T20:52:16.970849Z  INFO tailwindcss_oxide::scanner: Reading "C:\\Users\\Emmanuela\\Desktop\\Attachment\\flocafe\\FloCafe\\frontend\\public\\logo.svg"
2026-08-11T20:52:16.971445Z  INFO tailwindcss_oxide::scanner: Reading "C:\\Users\\Emmanuela\\Desktop\\Attachment\\flocafe\\FloCafe\\frontend\\src\\components\\kds\\KdsItemModal.tsx"
2026-08-11T20:52:16.971758Z  INFO tailwindcss_oxide::scanner: Reading "C:\\Users\\Emmanuela\\Desktop\\Attachment\\flocafe\\FloCafe\\frontend\\src\\components\\pos\\PosTopbar.tsx"
2026-08-11T20:52:16.972135Z  INFO tailwindcss_oxide::scanner: Reading "C:\\Users\\Emmanuela\\Desktop\\Attachment\\flocafe\\FloCafe\\frontend\\src\\components\\ui\\dialog.tsx"
2026-08-11T20:52:16.974913Z  INFO tailwindcss_oxide::scanner: Reading "C:\\Users\\Emmanuela\\Desktop\\Attachment\\flocafe\\FloCafe\\frontend\\public\\manifest.json"
2026-08-11T20:52:16.975006Z  INFO tailwindcss_oxide::scanner: Reading "C:\\Users\\Emmanuela\\Desktop\\Attachment\\flocafe\\FloCafe\\frontend\\src\\components\\ui\\drawer.tsx"
2026-08-11T20:52:16.975838Z  INFO tailwindcss_oxide::scanner: Reading "C:\\Users\\Emmanuela\\Desktop\\Attachment\\flocafe\\FloCafe\\frontend\\src\\components\\pos\\PrepaidCheckoutModal.tsx"
2026-08-11T20:52:16.980034Z  INFO tailwindcss_oxide::scanner: Reading "C:\\Users\\Emmanuela\\Desktop\\Attachment\\flocafe\\FloCafe\\frontend\\public\\next.svg"
2026-08-11T20:52:16.980466Z  INFO tailwindcss_oxide::scanner: Reading "C:\\Users\\Emmanuela\\Desktop\\Attachment\\flocafe\\FloCafe\\frontend\\public\\sw.js"
2026-08-11T20:52:16.982379Z  INFO tailwindcss_oxide::scanner: Reading "C:\\Users\\Emmanuela\\Desktop\\Attachment\\flocafe\\FloCafe\\frontend\\src\\components\\ui\\dropdown-menu.tsx"
2026-08-11T20:52:16.983556Z  INFO tailwindcss_oxide::scanner: Reading "C:\\Users\\Emmanuela\\Desktop\\Attachment\\flocafe\\FloCafe\\frontend\\src\\components\\pos\\PrinterStatus.tsx"
2026-08-11T20:52:16.985141Z  INFO tailwindcss_oxide::scanner: Reading "C:\\Users\\Emmanuela\\Desktop\\Attachment\\flocafe\\FloCafe\\frontend\\public\\vercel.svg"
2026-08-11T20:52:16.987232Z  INFO tailwindcss_oxide::scanner: Reading "C:\\Users\\Emmanuela\\Desktop\\Attachment\\flocafe\\FloCafe\\frontend\\src\\components\\kds\\KdsKanbanBoard.tsx"
2026-08-11T20:52:16.987689Z  INFO tailwindcss_oxide::scanner: Reading "C:\\Users\\Emmanuela\\Desktop\\Attachment\\flocafe\\FloCafe\\frontend\\src\\components\\pos\\ProductGrid.tsx"
2026-08-11T20:52:16.988044Z  INFO tailwindcss_oxide::scanner: Reading "C:\\Users\\Emmanuela\\Desktop\\Attachment\\flocafe\\FloCafe\\frontend\\public\\window.svg"
2026-08-11T20:52:16.990518Z  INFO tailwindcss_oxide::scanner: Reading "C:\\Users\\Emmanuela\\Desktop\\Attachment\\flocafe\\FloCafe\\frontend\\README.md"
2026-08-11T20:52:16.990779Z  INFO tailwindcss_oxide::scanner: Reading "C:\\Users\\Emmanuela\\Desktop\\Attachment\\flocafe\\FloCafe\\frontend\\src\\components\\ui\\input.tsx"
2026-08-11T20:52:16.993071Z  INFO tailwindcss_oxide::scanner: Reading "C:\\Users\\Emmanuela\\Desktop\\Attachment\\flocafe\\FloCafe\\frontend\\src\\components\\ui\\label.tsx"
2026-08-11T20:52:16.996756Z  INFO tailwindcss_oxide::scanner: Reading "C:\\Users\\Emmanuela\\Desktop\\Attachment\\flocafe\\FloCafe\\frontend\\src\\components\\ui\\select.tsx"
2026-08-11T20:52:16.999903Z  INFO tailwindcss_oxide::scanner: Reading "C:\\Users\\Emmanuela\\Desktop\\Attachment\\flocafe\\FloCafe\\frontend\\src\\components\\pos\\TableCheckoutModal.tsx"
2026-08-11T20:52:17.000508Z  INFO tailwindcss_oxide::scanner: Reading "C:\\Users\\Emmanuela\\Desktop\\Attachment\\flocafe\\FloCafe\\frontend\\src\\components\\ui\\separator.tsx"
2026-08-11T20:52:17.001923Z  INFO tailwindcss_oxide::scanner: Reading "C:\\Users\\Emmanuela\\Desktop\\Attachment\\flocafe\\FloCafe\\frontend\\src\\components\\kds\\KdsLoginForm.tsx"
2026-08-11T20:52:17.002252Z  INFO tailwindcss_oxide::scanner: Reading "C:\\Users\\Emmanuela\\Desktop\\Attachment\\flocafe\\FloCafe\\frontend\\src\\components\\ui\\sheet.tsx"
2026-08-11T20:52:17.003415Z  INFO tailwindcss_oxide::scanner: Reading "C:\\Users\\Emmanuela\\Desktop\\Attachment\\flocafe\\FloCafe\\frontend\\src\\components\\pos\\TablePickerModal.tsx"
2026-08-11T20:52:17.003899Z  INFO tailwindcss_oxide::scanner: Reading "C:\\Users\\Emmanuela\\Desktop\\Attachment\\flocafe\\FloCafe\\frontend\\src\\components\\ui\\sidebar.tsx"
2026-08-11T20:52:17.005726Z  INFO tailwindcss_oxide::scanner: Reading "C:\\Users\\Emmanuela\\Desktop\\Attachment\\flocafe\\FloCafe\\frontend\\src\\components\\ui\\skeleton.tsx"
2026-08-11T20:52:17.006739Z  INFO tailwindcss_oxide::scanner: Reading "C:\\Users\\Emmanuela\\Desktop\\Attachment\\flocafe\\FloCafe\\frontend\\src\\components\\pos\\TaxBreakdown.tsx"
2026-08-11T20:52:17.007342Z  INFO tailwindcss_oxide::scanner: Reading "C:\\Users\\Emmanuela\\Desktop\\Attachment\\flocafe\\FloCafe\\frontend\\src\\components\\ui\\table.tsx"
2026-08-11T20:52:17.008976Z  INFO tailwindcss_oxide::scanner: Reading "C:\\Users\\Emmanuela\\Desktop\\Attachment\\flocafe\\FloCafe\\frontend\\src\\components\\ui\\tabs.tsx"
2026-08-11T20:52:17.009202Z  INFO tailwindcss_oxide::scanner: Reading "C:\\Users\\Emmanuela\\Desktop\\Attachment\\flocafe\\FloCafe\\frontend\\src\\components\\kds\\KdsTabsView.tsx"
2026-08-11T20:52:17.011475Z  INFO tailwindcss_oxide::scanner: Reading "C:\\Users\\Emmanuela\\Desktop\\Attachment\\flocafe\\FloCafe\\frontend\\src\\components\\ui\\tooltip.tsx"
2026-08-11T20:52:17.013493Z  INFO tailwindcss_oxide::scanner: Reading "C:\\Users\\Emmanuela\\Desktop\\Attachment\\flocafe\\FloCafe\\frontend\\src\\hooks\\use-confirm.tsx"
2026-08-11T20:52:17.015478Z  INFO tailwindcss_oxide::scanner: Reading "C:\\Users\\Emmanuela\\Desktop\\Attachment\\flocafe\\FloCafe\\frontend\\src\\hooks\\use-mobile.ts"
2026-08-11T20:52:17.016064Z  INFO tailwindcss_oxide::scanner: Reading "C:\\Users\\Emmanuela\\Desktop\\Attachment\\flocafe\\FloCafe\\frontend\\src\\app\\(dashboard)\\pos\\page.tsx"
2026-08-11T20:52:17.016838Z  INFO tailwindcss_oxide::scanner: Reading "C:\\Users\\Emmanuela\\Desktop\\Attachment\\flocafe\\FloCafe\\frontend\\src\\components\\kds\\KdsWorkspace.tsx"
2026-08-11T20:52:17.017247Z  INFO tailwindcss_oxide::scanner: Reading "C:\\Users\\Emmanuela\\Desktop\\Attachment\\flocafe\\FloCafe\\frontend\\src\\hooks\\use-tax-preview.ts"
2026-08-11T20:52:17.018754Z  INFO tailwindcss_oxide::scanner: Reading "C:\\Users\\Emmanuela\\Desktop\\Attachment\\flocafe\\FloCafe\\frontend\\src\\app\\(dashboard)\\addon-groups\\page.tsx"
2026-08-11T20:52:17.018903Z  INFO tailwindcss_oxide::scanner: Reading "C:\\Users\\Emmanuela\\Desktop\\Attachment\\flocafe\\FloCafe\\frontend\\src\\hooks\\useBarcodeScanner.ts"
2026-08-11T20:52:17.020722Z  INFO tailwindcss_oxide::scanner: Reading "C:\\Users\\Emmanuela\\Desktop\\Attachment\\flocafe\\FloCafe\\frontend\\src\\hooks\\useFormatCurrency.ts"
2026-08-11T20:52:17.020913Z  INFO tailwindcss_oxide::scanner: Reading "C:\\Users\\Emmanuela\\Desktop\\Attachment\\flocafe\\FloCafe\\frontend\\src\\components\\layout\\AuthGuard.tsx"
2026-08-11T20:52:17.022560Z  INFO tailwindcss_oxide::scanner: Reading "C:\\Users\\Emmanuela\\Desktop\\Attachment\\flocafe\\FloCafe\\frontend\\src\\hooks\\useFormatDate.ts"
2026-08-11T20:52:17.024341Z  INFO tailwindcss_oxide::scanner: Reading "C:\\Users\\Emmanuela\\Desktop\\Attachment\\flocafe\\FloCafe\\frontend\\src\\hooks\\useI18n.ts"
2026-08-11T20:52:17.024341Z  INFO tailwindcss_oxide::scanner: Reading "C:\\Users\\Emmanuela\\Desktop\\Attachment\\flocafe\\FloCafe\\frontend\\src\\app\\(dashboard)\\customers\\page.tsx"
2026-08-11T20:52:17.028079Z  INFO tailwindcss_oxide::scanner: Reading "C:\\Users\\Emmanuela\\Desktop\\Attachment\\flocafe\\FloCafe\\frontend\\src\\app\\(dashboard)\\dashboard\\page.tsx"
2026-08-11T20:52:17.028277Z  INFO tailwindcss_oxide::scanner: Reading "C:\\Users\\Emmanuela\\Desktop\\Attachment\\flocafe\\FloCafe\\frontend\\src\\hooks\\useKdsConnection.ts"
2026-08-11T20:52:17.033447Z  INFO tailwindcss_oxide::scanner: Reading "C:\\Users\\Emmanuela\\Desktop\\Attachment\\flocafe\\FloCafe\\frontend\\src\\components\\layout\\GlobalNotifications.tsx"
2026-08-11T20:52:17.035671Z  INFO tailwindcss_oxide::scanner: Reading "C:\\Users\\Emmanuela\\Desktop\\Attachment\\flocafe\\FloCafe\\frontend\\src\\app\\(dashboard)\\print-test\\page.tsx"
2026-08-11T20:52:17.038339Z  INFO tailwindcss_oxide::scanner: Reading "C:\\Users\\Emmanuela\\Desktop\\Attachment\\flocafe\\FloCafe\\frontend\\src\\app\\(dashboard)\\kds\\page.tsx"
2026-08-11T20:52:17.038340Z  INFO tailwindcss_oxide::scanner: Reading "C:\\Users\\Emmanuela\\Desktop\\Attachment\\flocafe\\FloCafe\\frontend\\src\\hooks\\useKdsView.ts"
2026-08-11T20:52:17.038578Z  INFO tailwindcss_oxide::scanner: Reading "C:\\Users\\Emmanuela\\Desktop\\Attachment\\flocafe\\FloCafe\\frontend\\src\\app\\(dashboard)\\staff\\page.tsx"
2026-08-11T20:52:17.039171Z  INFO tailwindcss_oxide::scanner: Reading "C:\\Users\\Emmanuela\\Desktop\\Attachment\\flocafe\\FloCafe\\frontend\\src\\app\\(dashboard)\\products\\page.tsx"
2026-08-11T20:52:17.040208Z  INFO tailwindcss_oxide::scanner: Reading "C:\\Users\\Emmanuela\\Desktop\\Attachment\\flocafe\\FloCafe\\frontend\\src\\app\\(dashboard)\\layout.tsx"
2026-08-11T20:52:17.040675Z  INFO tailwindcss_oxide::scanner: Reading "C:\\Users\\Emmanuela\\Desktop\\Attachment\\flocafe\\FloCafe\\frontend\\src\\hooks\\usePrinter.ts"
2026-08-11T20:52:17.041681Z  INFO tailwindcss_oxide::scanner: Reading "C:\\Users\\Emmanuela\\Desktop\\Attachment\\flocafe\\FloCafe\\frontend\\src\\app\\(dashboard)\\settings\\page.tsx"
2026-08-11T20:52:17.041942Z  INFO tailwindcss_oxide::scanner: Reading "C:\\Users\\Emmanuela\\Desktop\\Attachment\\flocafe\\FloCafe\\frontend\\src\\app\\(dashboard)\\order-history-demo\\page.tsx"
2026-08-11T20:52:17.041942Z  INFO tailwindcss_oxide::scanner: Reading "C:\\Users\\Emmanuela\\Desktop\\Attachment\\flocafe\\FloCafe\\frontend\\src\\app\\(dashboard)\\tables\\page.tsx"
2026-08-11T20:52:17.044376Z  INFO tailwindcss_oxide::scanner: Reading "C:\\Users\\Emmanuela\\Desktop\\Attachment\\flocafe\\FloCafe\\frontend\\src\\hooks\\useServerKdsInfo.ts"
2026-08-11T20:52:17.044683Z  INFO tailwindcss_oxide::scanner: Reading "C:\\Users\\Emmanuela\\Desktop\\Attachment\\flocafe\\FloCafe\\frontend\\src\\lib\\printer\\receipt-encoder.ts"
2026-08-11T20:52:17.044896Z  INFO tailwindcss_oxide::scanner: Reading "C:\\Users\\Emmanuela\\Desktop\\Attachment\\flocafe\\FloCafe\\frontend\\src\\app\\(dashboard)\\orders\\page.tsx"
2026-08-11T20:52:17.045711Z  INFO tailwindcss_oxide::scanner: Reading "C:\\Users\\Emmanuela\\Desktop\\Attachment\\flocafe\\FloCafe\\frontend\\src\\app\\(dashboard)\\whatsapp\\page.tsx"
2026-08-11T20:52:17.046800Z  INFO tailwindcss_oxide::scanner: Reading "C:\\Users\\Emmanuela\\Desktop\\Attachment\\flocafe\\FloCafe\\frontend\\src\\hooks\\useWhatsAppReady.ts"
2026-08-11T20:52:17.047547Z  INFO tailwindcss_oxide::scanner: Reading "C:\\Users\\Emmanuela\\Desktop\\Attachment\\flocafe\\FloCafe\\frontend\\src\\lib\\whatsapp-share.ts"
2026-08-11T20:52:17.047611Z  INFO tailwindcss_oxide::scanner: Reading "C:\\Users\\Emmanuela\\Desktop\\Attachment\\flocafe\\FloCafe\\frontend\\src\\lib\\printer\\tax-components.ts"
2026-08-11T20:52:17.048843Z  INFO tailwindcss_oxide::scanner: Reading "C:\\Users\\Emmanuela\\Desktop\\Attachment\\flocafe\\FloCafe\\frontend\\src\\app\\auth\\login\\page.tsx"
2026-08-11T20:52:17.049185Z  INFO tailwindcss_oxide::scanner: Reading "C:\\Users\\Emmanuela\\Desktop\\Attachment\\flocafe\\FloCafe\\frontend\\src\\lib\\api.ts"
2026-08-11T20:52:17.049341Z  INFO tailwindcss_oxide::scanner: Reading "C:\\Users\\Emmanuela\\Desktop\\Attachment\\flocafe\\FloCafe\\frontend\\src\\store\\auth.ts"
2026-08-11T20:52:17.049550Z  INFO tailwindcss_oxide::scanner: Reading "C:\\Users\\Emmanuela\\Desktop\\Attachment\\flocafe\\FloCafe\\frontend\\src\\lib\\printer\\tax-label.ts"
2026-08-11T20:52:17.050532Z  INFO tailwindcss_oxide::scanner: Reading "C:\\Users\\Emmanuela\\Desktop\\Attachment\\flocafe\\FloCafe\\frontend\\src\\app\\auth\\recover\\page.tsx"
2026-08-11T20:52:17.051082Z  INFO tailwindcss_oxide::scanner: Reading "C:\\Users\\Emmanuela\\Desktop\\Attachment\\flocafe\\FloCafe\\frontend\\src\\store\\cart.ts"
2026-08-11T20:52:17.051355Z  INFO tailwindcss_oxide::scanner: Reading "C:\\Users\\Emmanuela\\Desktop\\Attachment\\flocafe\\FloCafe\\frontend\\src\\lib\\countries.ts"
2026-08-11T20:52:17.052161Z  INFO tailwindcss_oxide::scanner: Reading "C:\\Users\\Emmanuela\\Desktop\\Attachment\\flocafe\\FloCafe\\frontend\\src\\lib\\printer\\unicode.ts"
2026-08-11T20:52:17.052897Z  INFO tailwindcss_oxide::scanner: Reading "C:\\Users\\Emmanuela\\Desktop\\Attachment\\flocafe\\FloCafe\\frontend\\src\\lib\\printer\\test-data.ts"
2026-08-11T20:52:17.053107Z  INFO tailwindcss_oxide::scanner: Reading "C:\\Users\\Emmanuela\\Desktop\\Attachment\\flocafe\\FloCafe\\frontend\\src\\store\\held-orders.ts"
2026-08-11T20:52:17.053307Z  INFO tailwindcss_oxide::scanner: Reading "C:\\Users\\Emmanuela\\Desktop\\Attachment\\flocafe\\FloCafe\\frontend\\src\\lib\\i18n\\en.json"
2026-08-11T20:52:17.054661Z  INFO tailwindcss_oxide::scanner: Reading "C:\\Users\\Emmanuela\\Desktop\\Attachment\\flocafe\\FloCafe\\frontend\\src\\lib\\printer\\web-print.ts"
2026-08-11T20:52:17.054995Z  INFO tailwindcss_oxide::scanner: Reading "C:\\Users\\Emmanuela\\Desktop\\Attachment\\flocafe\\FloCafe\\frontend\\src\\lib\\types.ts"
2026-08-11T20:52:17.055405Z  INFO tailwindcss_oxide::scanner: Reading "C:\\Users\\Emmanuela\\Desktop\\Attachment\\flocafe\\FloCafe\\frontend\\src\\store\\pos-settings.ts"
2026-08-11T20:52:17.055802Z  INFO tailwindcss_oxide::scanner: Reading "C:\\Users\\Emmanuela\\Desktop\\Attachment\\flocafe\\FloCafe\\frontend\\src\\lib\\i18n\\es.json"
2026-08-11T20:52:17.056599Z  INFO tailwindcss_oxide::scanner: Reading "C:\\Users\\Emmanuela\\Desktop\\Attachment\\flocafe\\FloCafe\\frontend\\src\\types\\receipt-printer-encoder.d.ts"
2026-08-11T20:52:17.057270Z  INFO tailwindcss_oxide::scanner: Reading "C:\\Users\\Emmanuela\\Desktop\\Attachment\\flocafe\\FloCafe\\frontend\\src\\lib\\utils.ts"
2026-08-11T20:52:17.057603Z  INFO tailwindcss_oxide::scanner: Reading "C:\\Users\\Emmanuela\\Desktop\\Attachment\\flocafe\\FloCafe\\frontend\\src\\types\\electron.d.ts"
2026-08-11T20:52:17.057839Z  INFO tailwindcss_oxide::scanner: Reading "C:\\Users\\Emmanuela\\Desktop\\Attachment\\flocafe\\FloCafe\\frontend\\src\\lib\\i18n\\pt.json"
2026-08-11T20:52:17.058510Z  INFO tailwindcss_oxide::scanner: Reading "C:\\Users\\Emmanuela\\Desktop\\Attachment\\flocafe\\FloCafe\\frontend\\src\\types\\webusb.d.ts"
2026-08-11T20:52:17.058989Z  INFO tailwindcss_oxide::scanner: Reading "C:\\Users\\Emmanuela\\Desktop\\Attachment\\flocafe\\FloCafe\\frontend\\src\\lib\\i18n.ts"
2026-08-11T20:52:17.061845Z  INFO tailwindcss_oxide::scanner: Reading "C:\\Users\\Emmanuela\\Desktop\\Attachment\\flocafe\\FloCafe\\frontend\\tsconfig.json"
2026-08-11T20:52:17.062227Z  INFO tailwindcss_oxide::scanner: Reading "C:\\Users\\Emmanuela\\Desktop\\Attachment\\flocafe\\FloCafe\\frontend\\src\\lib\\i18n-enums.ts"
2026-08-11T20:52:17.062641Z  INFO tailwindcss_oxide::scanner: Reading "C:\\Users\\Emmanuela\\Desktop\\Attachment\\flocafe\\FloCafe\\frontend\\src\\lib\\phone.ts"
2026-08-11T20:52:17.062930Z  INFO tailwindcss_oxide::scanner: Reading "C:\\Users\\Emmanuela\\Desktop\\Attachment\\flocafe\\FloCafe\\frontend\\src\\lib\\image-utils.ts"
2026-08-11T20:52:17.066078Z  INFO tailwindcss_oxide::scanner: Reading "C:\\Users\\Emmanuela\\Desktop\\Attachment\\flocafe\\FloCafe\\frontend\\src\\lib\\printer\\gst-bill-encoder.ts"
2026-08-11T20:52:17.067078Z  INFO tailwindcss_oxide::scanner: Reading "C:\\Users\\Emmanuela\\Desktop\\Attachment\\flocafe\\FloCafe\\frontend\\src\\lib\\printer\\format-date.ts"
2026-08-11T20:52:17.067079Z  INFO tailwindcss_oxide::scanner: Reading "C:\\Users\\Emmanuela\\Desktop\\Attachment\\flocafe\\FloCafe\\frontend\\src\\lib\\order-types.ts"
2026-08-11T20:52:17.068978Z  INFO tailwindcss_oxide::scanner: Reading "C:\\Users\\Emmanuela\\Desktop\\Attachment\\flocafe\\FloCafe\\frontend\\src\\lib\\printer\\kot-encoder.ts"
2026-08-11T20:52:17.069197Z  INFO tailwindcss_oxide::scanner: Reading "C:\\Users\\Emmanuela\\Desktop\\Attachment\\flocafe\\FloCafe\\frontend\\src\\lib\\payment-methods.ts"
2026-08-11T20:52:17.070686Z  INFO tailwindcss_oxide::scanner: Reading "C:\\Users\\Emmanuela\\Desktop\\Attachment\\flocafe\\FloCafe\\frontend\\src\\lib\\printer\\PrinterService.ts"
2026-08-11T20:52:17.072265Z  INFO discover_sources: tailwindcss_oxide::scanner: exit
2026-08-11T20:52:17.072331Z  INFO extract_candidates: tailwindcss_oxide::scanner: enter
2026-08-11T20:52:17.072371Z  INFO extract_candidates:parse_all_blobs: tailwindcss_oxide::scanner: enter
2026-08-11T20:52:17.072406Z  INFO extract_candidates:parse_all_blobs:extract: tailwindcss_oxide::scanner: enter
2026-08-11T20:52:17.151593Z  INFO extract_candidates:parse_all_blobs:extract: tailwindcss_oxide::scanner: exit
2026-08-11T20:52:17.152709Z  INFO extract_candidates:parse_all_blobs: tailwindcss_oxide::scanner: exit
2026-08-11T20:52:17.152787Z  INFO extract_candidates:read_all_files: tailwindcss_oxide::scanner: enter
2026-08-11T20:52:17.152808Z  INFO extract_candidates:read_all_files: tailwindcss_oxide::scanner: Reading 1 file(s)
2026-08-11T20:52:17.154596Z  INFO extract_candidates:read_all_files: tailwindcss_oxide::scanner: Reading "C:\\Users\\Emmanuela\\Desktop\\Attachment\\flocafe\\FloCafe\\frontend\\src\\app\\globals.css"
2026-08-11T20:52:17.154666Z  INFO extract_candidates:read_all_files: tailwindcss_oxide::scanner: exit
2026-08-11T20:52:17.154693Z  INFO extract_candidates:extract_css_variables: tailwindcss_oxide::scanner: enter
2026-08-11T20:52:17.154727Z  INFO extract_candidates:extract_css_variables:extract: tailwindcss_oxide::scanner: enter
2026-08-11T20:52:17.154948Z  INFO extract_candidates:extract_css_variables:extract: tailwindcss_oxide::scanner: exit
2026-08-11T20:52:17.154991Z  INFO extract_candidates:extract_css_variables: tailwindcss_oxide::scanner: exit
2026-08-11T20:52:17.168457Z  INFO extract_candidates: tailwindcss_oxide::scanner: exit
2026-08-11T20:52:17.183944Z  INFO get_files: tailwindcss_oxide::scanner: enter
2026-08-11T20:52:17.184049Z  INFO get_files:discover_sources: tailwindcss_oxide::scanner: enter
2026-08-11T20:52:17.184076Z  INFO get_files:discover_sources: tailwindcss_oxide::scanner: exit
2026-08-11T20:52:17.185201Z  INFO get_files: tailwindcss_oxide::scanner: exit
2026-08-11T20:52:17.190584Z  INFO get_globs: tailwindcss_oxide::scanner: enter
2026-08-11T20:52:17.190648Z  INFO get_globs:discover_sources: tailwindcss_oxide::scanner: enter
2026-08-11T20:52:17.190671Z  INFO get_globs:discover_sources: tailwindcss_oxide::scanner: exit
2026-08-11T20:52:17.271975Z  INFO get_globs: tailwindcss_oxide::scanner: exit
2026-08-12T06:43:14.958787Z  INFO discover_sources: tailwindcss_oxide::scanner: enter
2026-08-12T06:43:14.966959Z  INFO discover_sources:walk_parallel: tailwindcss_oxide::scanner: enter
2026-08-12T06:43:15.200848Z  INFO discover_sources:walk_parallel: tailwindcss_oxide::scanner: exit
2026-08-12T06:43:15.202134Z  INFO discover_sources: tailwindcss_oxide::scanner: Reading "C:\\Users\\Emmanuela\\Desktop\\Attachment\\flocafe\\FloCafe\\frontend\\src\\lib\\api.ts"
2026-08-12T06:43:15.202208Z  INFO discover_sources: tailwindcss_oxide::scanner: exit
2026-08-12T06:43:15.202727Z  INFO extract_candidates: tailwindcss_oxide::scanner: enter
2026-08-12T06:43:15.202767Z  INFO extract_candidates:parse_all_blobs: tailwindcss_oxide::scanner: enter
2026-08-12T06:43:15.202791Z  INFO extract_candidates:parse_all_blobs:extract: tailwindcss_oxide::scanner: enter
2026-08-12T06:43:15.218395Z  INFO extract_candidates:parse_all_blobs:extract: tailwindcss_oxide::scanner: exit
2026-08-12T06:43:15.218463Z  INFO extract_candidates:parse_all_blobs: tailwindcss_oxide::scanner: exit
2026-08-12T06:43:15.222698Z  INFO extract_candidates: tailwindcss_oxide::scanner: exit
2026-08-12T06:43:15.240618Z  INFO get_files: tailwindcss_oxide::scanner: enter
2026-08-12T06:43:15.240667Z  INFO get_files:discover_sources: tailwindcss_oxide::scanner: enter
2026-08-12T06:43:15.240683Z  INFO get_files:discover_sources: tailwindcss_oxide::scanner: exit
2026-08-12T06:43:15.243989Z  INFO get_files: tailwindcss_oxide::scanner: exit
2026-08-12T06:43:15.249849Z  INFO get_globs: tailwindcss_oxide::scanner: enter
2026-08-12T06:43:15.249896Z  INFO get_globs:discover_sources: tailwindcss_oxide::scanner: enter
2026-08-12T06:43:15.249912Z  INFO get_globs:discover_sources: tailwindcss_oxide::scanner: exit
